2025-07-10 14:32:03,052 [INFO] Utility functions loaded from updated utils.py
2025-07-10 14:32:03,208 [INFO]  edu columns after cleaning: ['ïfips_code', 'state', 'area_name', 'attribute', 'value']
2025-07-10 14:32:03,686 [WARNING] edu has duplicate county-attribute pairs.
2025-07-10 14:32:03,686 [INFO] Loaded Education2023.csv: 169245 rows
2025-07-10 14:32:03,769 [INFO]  pop columns after cleaning: ['fipstxt', 'state', 'area_name', 'attribute', 'value']
2025-07-10 14:32:04,170 [WARNING] pop has duplicate county-attribute pairs.
2025-07-10 14:32:04,171 [INFO] Loaded PopulationEstimates.csv: 205108 rows
2025-07-10 14:32:04,234 [INFO]  poverty columns after cleaning: ['ïfips_code', 'state', 'area_name', 'attribute', 'value']
2025-07-10 14:32:04,393 [WARNING] poverty has duplicate county-attribute pairs.
2025-07-10 14:32:04,394 [INFO] Loaded Poverty2023.csv: 79961 rows
2025-07-10 14:32:04,564 [INFO]  unemp columns after cleaning: ['fips_code', 'state', 'area_name', 'attribute', 'value']
2025-07-10 14:32:05,261 [INFO] Loaded Unemployment2023.csv: 324636 rows
2025-07-10 14:32:05,261 [INFO] Utility functions from utils.py loaded successfully.
2025-07-10 14:32:06,019 [WARNING] edu has duplicate county-attribute pairs.
2025-07-10 14:32:06,024 [INFO]  Loaded and processed Education2023.csv with year filter: N/A
2025-07-10 14:32:06,577 [WARNING] pop has duplicate county-attribute pairs.
2025-07-10 14:32:06,585 [INFO]  Loaded and processed PopulationEstimates.csv with year filter: 2023
2025-07-10 14:32:06,773 [WARNING] poverty has duplicate county-attribute pairs.
2025-07-10 14:32:06,775 [INFO]  Loaded and processed Poverty2023.csv with year filter: 2023
2025-07-10 14:32:07,649 [INFO]  Loaded and processed Unemployment2023.csv with year filter: 2023
2025-07-10 14:32:08,395 [INFO] EDU → NCA rows: 676
2025-07-10 14:32:08,415 [INFO] POVERTY → NCA rows: 78
2025-07-10 14:32:08,492 [INFO] UNEMP → NCA rows: 78
2025-07-10 14:32:08,505 [INFO] POP → NCA rows: 221
2025-07-10 14:32:08,526 [INFO] NCA final dataset saved: nca_dataset_cleaned_2023.csv
2025-07-10 14:32:08,543 [INFO] Final NCA columns: ['county', '2013 rural-urban continuum code', '2013 urban influence code', '2023 rural-urban continuum code', '2024 urban influence code', "bachelor's degree or higher, 1990", "bachelor's degree or higher, 2000", "bachelor's degree or higher, 2008-12", "bachelor's degree or higher, 2019-23", 'four years of college or higher, 1970', 'four years of college or higher, 1980', 'high school diploma only, 1970', 'high school diploma only, 1980', 'high school graduate (or equivalency), 1990', 'high school graduate (or equivalency), 2000', 'high school graduate (or equivalency), 2008-12', 'high school graduate (or equivalency), 2019-23', 'less than a high school diploma, 1970', 'less than a high school diploma, 1980', 'less than high school graduate, 1990', 'less than high school graduate, 2000', 'less than high school graduate, 2008-12', 'less than high school graduate, 2019-23', 'percent of adults completing four years of college or higher, 1970', 'percent of adults completing four years of college or higher, 1980', 'percent of adults completing some college (1-3 years), 1970', 'percent of adults completing some college (1-3 years), 1980', 'percent of adults completing some college or associate degree, 1990', 'percent of adults completing some college or associate degree, 2000', 'percent of adults completing some college or associate degree, 2008-12', 'percent of adults completing some college or associate degree, 2019-23', 'percent of adults who are high school graduates (or equivalent), 1990', 'percent of adults who are high school graduates (or equivalent), 2000', 'percent of adults who are high school graduates (or equivalent), 2008-12', 'HighSchoolGradRate', 'percent of adults who are not high school graduates, 1990', 'percent of adults who are not high school graduates, 2000', 'percent of adults who are not high school graduates, 2008-12', 'percent of adults who are not high school graduates, 2019-23', "percent of adults with a bachelor's degree or higher, 1990", "percent of adults with a bachelor's degree or higher, 2000", "percent of adults with a bachelor's degree or higher, 2008-12", 'BachelorsDegreeRate', 'percent of adults with a high school diploma only, 1970', 'percent of adults with a high school diploma only, 1980', 'percent of adults with less than a high school diploma, 1970', 'percent of adults with less than a high school diploma, 1980', 'some college (1-3 years), 1970', 'some college (1-3 years), 1980', 'some college or associate degree, 1990', 'some college or associate degree, 2000', 'some college or associate degree, 2008-12', 'some college or associate degree, 2019-23', 'medhhinc_2023', 'pctpov017_2023', 'PovertyRate', 'pov017_2023', 'povall_2023', 'rural_urban_continuum_code_2023_x', 'civilian_labor_force_2023', 'employed_2023', 'metro_2023', 'rural_urban_continuum_code_2023_y', 'unemployed_2023', 'UnemploymentRate', 'births_2023', 'deaths_2023', 'domestic_mig_2023', 'gq_estimates_2023', 'international_mig_2023', 'n_pop_chg_2023', 'natural_chg_2023', 'net_mig_2023', 'Population', 'r_birth_2023', 'r_death_2023', 'r_domestic_mig_2023', 'r_international_mig_2023', 'r_natural_chg_2023', 'r_net_mig_2023', 'residual_2023', 'rural_urban_continuum_code_2023', 'BachelorsDegreePct', 'HighSchoolGradPct']
2025-07-10 14:32:08,546 [INFO] ✅ Final analysis dataset saved as: nca_final.csv
2025-07-10 14:32:08,615 [INFO] Data dictionary saved to: nca_data_dictionary.csv
2025-07-10 14:32:08,626 [INFO] [Section 3.2] Saved: section3_2_bachelorsdegreepct_by_county.csv
2025-07-10 14:32:08,632 [INFO] [Section 3.2] Saved: section3_2_highschoolgradpct_by_county.csv
2025-07-10 14:32:08,637 [INFO] [Section 3.2] Saved: section3_2_povertyrate_by_county.csv
2025-07-10 14:32:08,642 [INFO] [Section 3.2] Saved: section3_2_unemploymentrate_by_county.csv
2025-07-10 14:32:08,701 [INFO] Saved profile: section3_4_baxter_profile.csv
2025-07-10 14:32:08,702 [INFO] Saved profile: section3_4_cleburne_profile.csv
2025-07-10 14:32:08,704 [INFO] Saved profile: section3_4_fulton_profile.csv
2025-07-10 14:32:08,707 [INFO] Saved profile: section3_4_independence_profile.csv
2025-07-10 14:32:08,708 [INFO] Saved profile: section3_4_izard_profile.csv
2025-07-10 14:32:08,712 [INFO] Saved profile: section3_4_jackson_profile.csv
2025-07-10 14:32:08,714 [INFO] Saved profile: section3_4_marion_profile.csv
2025-07-10 14:32:08,715 [INFO] Saved profile: section3_4_searcy_profile.csv
2025-07-10 14:32:08,717 [INFO] Saved profile: section3_4_sharp_profile.csv
2025-07-10 14:32:08,718 [INFO] Saved profile: section3_4_stone_profile.csv
2025-07-10 14:32:08,719 [INFO] Saved profile: section3_4_van_buren_profile.csv
2025-07-10 14:32:08,721 [INFO] Saved profile: section3_4_white_profile.csv
2025-07-10 14:32:08,722 [INFO] Saved profile: section3_4_woodruff_profile.csv
2025-07-10 14:32:08,733 [INFO] Saved visualization data preview for Section 4.2.
2025-07-10 14:32:08,985 [INFO] 📊 Saved: section4_2_1_distribution_bachelorsdegreepct.png
2025-07-10 14:32:09,209 [INFO] 📊 Saved: section4_2_1_distribution_highschoolgradpct.png
2025-07-10 14:32:09,441 [INFO] 📊 Saved: section4_2_1_distribution_povertyrate.png
2025-07-10 14:32:09,661 [INFO] 📊 Saved: section4_2_1_distribution_unemploymentrate.png
2025-07-10 14:32:10,028 [INFO] [Section 4.3] Saved: section4_3_dotplot_bachelorsdegreepct.png
2025-07-10 14:32:10,342 [INFO] [Section 4.3] Saved: section4_3_dotplot_highschoolgradpct.png
2025-07-10 14:32:10,679 [INFO] [Section 4.3] Saved: section4_3_dotplot_povertyrate.png
2025-07-10 14:32:11,042 [INFO] [Section 4.3] Saved: section4_3_dotplot_unemploymentrate.png
2025-07-10 14:32:12,362 [INFO] [Section 4.6] Saved: section4_6_pairplot_indicators.png
2025-07-10 14:32:12,936 [INFO] [Section 4.5] Saved: section4_5_correlation_heatmap.png
2025-07-10 14:32:13,197 [INFO] [Section 4.7] Saved boxplot with labels: section4_7_boxplot_bachelorsdegreepct_labeled.png
2025-07-10 14:32:13,320 [INFO] [Section 4.7] Saved boxplot with labels: section4_7_boxplot_highschoolgradpct_labeled.png
2025-07-10 14:32:13,445 [INFO] [Section 4.7] Saved boxplot with labels: section4_7_boxplot_povertyrate_labeled.png
2025-07-10 14:32:13,642 [INFO] [Section 4.7] Saved boxplot with labels: section4_7_boxplot_unemploymentrate_labeled.png
2025-07-10 14:32:13,676 [INFO] Working copy of final dataset saved as: nca_final_working_copy.csv
2025-07-10 14:32:13,691 [INFO] Section 5.1 complete: Derived variable 'EducationGap' added and saved.
2025-07-10 14:32:13,711 [INFO] Section 5.2 complete: Normalized features added and saved.
2025-07-10 14:32:13,728 [INFO] Section 5.3 complete: Binary flags added and saved.
2025-07-10 14:32:13,752 [INFO] 📄 Section 5.3 summary tables saved.
2025-07-10 14:32:13,769 [INFO] Section 5.4 composite scores saved.
2025-07-10 14:32:14,208 [INFO] [Section 6.2] Saved: section6_2_kmeans_clusters_scatter.png
2025-07-10 14:32:14,258 [INFO] Cluster summary saved to CSV.
2025-07-10 14:32:14,259 [INFO] Section 6.1 complete: KMeans clustering with k=3. Saved to CSV.
2025-07-10 14:32:14,273 [INFO] Section 6.2: Cluster profile summary saved.
2025-07-10 14:32:14,453 [INFO] Section 6.2 scatterplot with named clusters saved.
2025-07-10 14:32:14,802 [INFO] [Section 6.3] Feature importance plot saved: section6_3_feature_importance.png
2025-07-10 14:32:14,846 [INFO] Section 6.3 complete: Predictions saved with comparison column.
2025-07-10 14:32:15,161 [INFO] Section 6.3 decision tree saved.
